I'm sorry, but errors were detected in your script. Please correct the
errors listed below, and try again.


File "game/script.rpy", line 61: expected statement.
    scane shirou
                ^

Ren'Py Version: Ren'Py 7.3.5.606
Tue Jun 16 05:39:16 2020
